Resolved "production" environment for the build. Learn more: https://docs.expo.dev/eas/environment-variables/#setting-the-environment-for-your-builds
No environment variables with visibility "Plain text" and "Sensitive" found for the "production" environment on EAS.
Environment variables loaded from the "production" build profile "env" configuration: ORG_GRADLE_PROJECT_android_gradlePluginVersion.

Specified value for "android.package" in app.json is ignored because an android directory was detected in the project.
EAS Build will use the value found in the native code.


Γ£ö Using remote Android credentials (Expo server)
node.exe : Γ£ö Using Keystore from configuration: Build Credentials GA-uc4g6jt (default)
At C:\Users\prakh\AppData\Roaming\npm\eas.ps1:24 char:5
+     & "node$exe"  "$basedir/node_modules/eas-cli/bin/run" $args
+     ~~~~~~~~~~~~~~~~~~~~~~~~~~~~~~~~~~~~~~~~~~~~~~~~~~~~~~~~~~~
    + CategoryInfo          : NotSpecified: (Γ£ö Using Keyst...4g6jt (default):String) [], RemoteException
    + FullyQualifiedErrorId : NativeCommandError
 

Bumping expo.android.versionCode from 13 to 14
Updated versions in app.json
Synchronized versions with build gradle

Compressing project files and uploading to EAS Build. Learn more: https://expo.fyi/eas-build-archive
- Compressing project files\ Compressing project files| Compressing project files/ Compressing project files- Compressing project filesΓ£ö 
Compressed project files 1s (7.9 MB)
- Uploading to EAS Build (0 / 7.9 MB)\ Uploading to EAS Build (576 KB / 7.9 MB)| Uploading to EAS Build (576 KB / 7.9 MB)/ Uploading to EAS 
Build (576 KB / 7.9 MB)- Uploading to EAS Build (576 KB / 7.9 MB)\ Uploading to EAS Build (2.1 MB / 7.9 MB)| Uploading to EAS Build (2.7 MB 
/ 7.9 MB)/ Uploading to EAS Build (3.3 MB / 7.9 MB)- Uploading to EAS Build (3.7 MB / 7.9 MB)\ Uploading to EAS Build (4.4 MB / 7.9 MB)| 
Uploading to EAS Build (4.9 MB / 7.9 MB)/ Uploading to EAS Build (5.4 MB / 7.9 MB)- Uploading to EAS Build (5.4 MB / 7.9 MB)\ Uploading to 
EAS Build (5.8 MB / 7.9 MB)| Uploading to EAS Build (5.8 MB / 7.9 MB)/ Uploading to EAS Build (6.4 MB / 7.9 MB)- Uploading to EAS Build 
(7.1 MB / 7.9 MB)\ Uploading to EAS Build (7.5 MB / 7.9 MB)| Uploading to EAS Build (7.9 MB / 7.9 MB)/ Uploading to EAS Build (7.9 MB / 7.9 
MB)- Uploading to EAS Build (7.9 MB / 7.9 MB)\ Uploading to EAS Build (7.9 MB / 7.9 MB)| Uploading to EAS Build (7.9 MB / 7.9 MB)/ 
Uploading to EAS Build (7.9 MB / 7.9 MB)- Uploading to EAS Build (7.9 MB / 7.9 MB)Γ£ö Uploaded to EAS 3s
- Computing project fingerprint\ Computing project fingerprint| Computing project fingerprint/ Computing project fingerprint- Computing 
project fingerprint\ Computing project fingerprint| Computing project fingerprint/ Computing project fingerprint- Computing project 
fingerprint\ Computing project fingerprint| Computing project fingerprint/ Computing project fingerprint- Computing project fingerprintΓ£ö 
Computed project fingerprint

See logs: https://expo.dev/accounts/p18khr12/projects/resetdopa/builds/8a76cf4f-4046-4e23-b453-c40b0e04a4e9

Waiting for build to complete. You can press Ctrl+C to exit.
- Waiting for build to complete.\ Waiting for build to complete.| Waiting for build to complete./ Build queued...- Build queued...\ Build 
queued...| Build queued.../ Build queued...- Build queued...\ Build queued...| Build queued.../ Build queued...- Build queued...\ Build 
queued...| Build queued.../ Build queued...- Build queued...\ Build queued...| Build queued.../ Build queued...- Build queued...\ Build 
queued...| Build queued.../ Build queued...- Build queued...\ Build queued...| Build queued.../ Build queued...- Build queued...\ Build 
queued...| Build queued.../ Build queued...- Build queued...\ Build queued...| Build queued.../ Build queued...- Build queued...\ Build 
queued...| Build queued.../ Build queued...- Build queued...\ Build queued...| Build queued.../ Build queued...- Build queued...\ Build 
queued...| Build queued.../ Build queued...- Build queued...\ Build queued...| Build queued.../ Build queued...- Build queued...\ Build 
queued...| Build queued.../ Build queued...- Build queued...\ Build queued...| Build queued.../ Build queued...- Build queued...\ Build 
queued...| Build queued.../ Build queued...- Build queued...\ Build queued...| Build queued.../ Build queued...- Build queued...\ Build 
queued...| Build queued.../ Build queued...- Build queued...\ Build queued...| Build queued.../ Build queued...- Build queued...\ Build 
queued...| Build queued.../ Build queued...- Build in progress...\ Build in progress...| Build in progress.../ Build in progress...- Build 
in progress...\ Build in progress...| Build in progress.../ Build in progress...- Build in progress...\ Build in progress...| Build in 
progress.../ Build in progress...- Build in progress...\ Build in progress...| Build in progress.../ Build in progress...- Build in 
progress...\ Build in progress...| Build in progress.../ Build in progress...- Build in progress...\ Build in progress...| Build in 
progress.../ Build in progress...- Build in progress...\ Build in progress...| Build in progress.../ Build in progress...- Build in 
progress...\ Build in progress...| Build in progress.../ Build in progress...- Build in progress...\ Build in progress...| Build in 
progress.../ Build in progress...- Build in progress...\ Build in progress...| Build in progress.../ Build in progress...- Build in 
progress...\ Build in progress...| Build in progress.../ Build in progress...- Build in progress...\ Build in progress...| Build in 
progress.../ Build in progress...- Build in progress...\ Build in progress...| Build in progress.../ Build in progress...- Build in 
progress...\ Build in progress...| Build in progress.../ Build in progress...- Build in progress...\ Build in progress...| Build in 
progress.../ Build in progress...- Build in progress...\ Build in progress...| Build in progress.../ Build in progress...- Build in 
progress...\ Build in progress...| Build in progress.../ Build in progress...- Build in progress...\ Build in progress...| Build in 
progress.../ Build in progress...- Build in progress...\ Build in progress...| Build in progress.../ Build in progress...- Build in 
progress...\ Build in progress...| Build in progress.../ Build in progress...- Build in progress...\ Build in progress...| Build in 
progress.../ Build in progress...- Build in progress...\ Build in progress...| Build in progress.../ Build in progress...- Build in 
progress...\ Build in progress...| Build in progress.../ Build in progress...- Build in progress...\ Build in progress...| Build in 
progress.../ Build in progress...- Build in progress...\ Build in progress...| Build in progress.../ Build in progress...- Build in 
progress...\ Build in progress...| Build in progress.../ Build in progress...- Build in progress...\ Build in progress...| Build in 
progress.../ Build in progress...- Build in progress...\ Build in progress...| Build in progress.../ Build in progress...- Build in 
progress...\ Build in progress...| Build in progress.../ Build in progress...- Build in progress...\ Build in progress...| Build in 
progress.../ Build in progress...- Build in progress...\ Build in progress...| Build in progress.../ Build in progress...- Build in 
progress...\ Build in progress...| Build in progress.../ Build in progress...- Build in progress...\ Build in progress...| Build in 
progress.../ Build in progress...- Build in progress...\ Build in progress...| Build in progress.../ Build in progress...- Build in 
progress...\ Build in progress...| Build in progress.../ Build in progress...- Build in progress...\ Build in progress...| Build in 
progress.../ Build in progress...- Build in progress...\ Build in progress...| Build in progress.../ Build in progress...- Build in 
progress...\ Build in progress...| Build in progress.../ Build in progress...- Build in progress...\ Build in progress...| Build in 
progress.../ Build in progress...- Build in progress...\ Build in progress...| Build in progress.../ Build in progress...- Build in 
progress...\ Build in progress...| Build in progress.../ Build in progress...- Build in progress...\ Build in progress...| Build in 
progress.../ Build in progress...- Build in progress...\ Build in progress...| Build in progress.../ Build in progress...- Build in 
progress...\ Build in progress...| Build in progress.../ Build in progress...- Build in progress...\ Build in progress...| Build in 
progress.../ Build in progress...- Build in progress...\ Build in progress...| Build in progress.../ Build in progress...- Build in 
progress...\ Build in progress...| Build in progress.../ Build in progress...- Build in progress...\ Build in progress...| Build in 
progress.../ Build in progress...- Build in progress...\ Build in progress...| Build in progress.../ Build in progress...- Build in 
progress...\ Build in progress...| Build in progress.../ Build in progress...- Build in progress...\ Build in progress...| Build in 
progress.../ Build in progress...- Build in progress...\ Build in progress...| Build in progress.../ Build in progress...- Build in 
progress...\ Build in progress...| Build in progress.../ Build in progress...- Build in progress...\ Build in progress...| Build in 
progress.../ Build in progress...- Build in progress...\ Build in progress...| Build in progress.../ Build in progress...- Build in 
progress...\ Build in progress...| Build in progress.../ Build in progress...- Build in progress...\ Build in progress...| Build in 
progress.../ Build in progress...- Build in progress...\ Build in progress...| Build in progress.../ Build in progress...- Build in 
progress...\ Build in progress...| Build in progress.../ Build in progress...- Build in progress...\ Build in progress...| Build in 
progress.../ Build in progress...- Build in progress...\ Build in progress...| Build in progress.../ Build in progress...- Build in 
progress...\ Build in progress...| Build in progress.../ Build in progress...- Build in progress...\ Build in progress...| Build in 
progress.../ Build in progress...- Build in progress...\ Build in progress...| Build in progress.../ Build in progress...- Build in 
progress...\ Build in progress...| Build in progress.../ Build in progress...- Build in progress...\ Build in progress...| Build in 
progress.../ Build in progress...- Build in progress...\ Build in progress...| Build in progress.../ Build in progress...- Build in 
progress...\ Build in progress...| Build in progress.../ Build in progress...- Build in progress...\ Build in progress...| Build in 
progress.../ Build in progress...- Build in progress...\ Build in progress...| Build in progress.../ Build in progress...- Build in 
progress...\ Build in progress...| Build in progress.../ Build in progress...- Build in progress...\ Build in progress...| Build in 
progress.../ Build in progress...- Build in progress...\ Build in progress...| Build in progress.../ Build in progress...- Build in 
progress...\ Build in progress...| Build in progress.../ Build in progress...- Build in progress...\ Build in progress...| Build in 
progress.../ Build in progress...- Build in progress...\ Build in progress...| Build in progress.../ Build in progress...- Build in 
progress...\ Build in progress...| Build in progress.../ Build in progress...- Build in progress...\ Build in progress...| Build in 
progress.../ Build in progress...- Build in progress...\ Build in progress...| Build in progress.../ Build in progress...- Build in 
progress...\ Build in progress...| Build in progress.../ Build in progress...- Build in progress...\ Build in progress...| Build in 
progress.../ Build in progress...- Build in progress...\ Build in progress...| Build in progress.../ Build in progress...- Build in 
progress...\ Build in progress...| Build in progress.../ Build in progress...- Build in progress...\ Build in progress...| Build in 
progress.../ Build in progress...- Build in progress...\ Build in progress...| Build in progress.../ Build in progress...- Build in 
progress...\ Build in progress...| Build in progress.../ Build in progress...- Build in progress...\ Build in progress...| Build in 
progress.../ Build in progress...- Build in progress...\ Build in progress...| Build in progress.../ Build in progress...- Build in 
progress...\ Build in progress...| Build in progress.../ Build in progress...- Build in progress...\ Build in progress...| Build in 
progress.../ Build in progress...- Build in progress...\ Build in progress...| Build in progress.../ Build in progress...- Build in 
progress...\ Build in progress...| Build in progress.../ Build in progress...- Build in progress...\ Build in progress...| Build in 
progress.../ Build in progress...- Build in progress...\ Build in progress...| Build in progress.../ Build in progress...- Build in 
progress...\ Build in progress...| Build in progress.../ Build in progress...- Build in progress...\ Build in progress...| Build in 
progress.../ Build in progress...- Build in progress...Γ£û Build failed

≡ƒñû Android build failed:
Unknown error. See logs of the Install dependencies build phase for more information.
